// Jest Snapshot v1, https://goo.gl/fbAQLP

exports[`renders correctly 1`] = `
Array [
  <ListRef
    DEPRECATED_sendUpdatedChildFrames={false}
    alwaysBounceHorizontal={true}
    alwaysBounceVertical={false}
    data={
      Array [
        Array [
          Object {
            "details": "Lorem ipsum dolor sit amet, consectetur adipiscing elit, sed do eiusmod tempor incididunt ut labore et dolore magna aliqua.",
            "episodes": 22,
            "extra": "Director: Alan Smithee | Starring: John Doe, Jane Doe",
            "genres": Array [
              Object {
                "id": 28,
                "name": "Action",
              },
              Object {
                "id": 12,
                "name": "Adventure",
              },
            ],
            "id": 1234567,
            "images": Object {
              "Backdrop": "https://via.placeholder.com/1068x600",
              "Poster": "https://via.placeholder.com/200x300",
            },
            "key": "keystring",
            "releaseDate": "05/24/2015",
            "runtime": 3600,
            "seasons": 4,
            "similar": Array [],
            "thumbs": Object {
              "Backdrop": "https://via.placeholder.com/534x300",
              "Poster": "https://via.placeholder.com/400x600",
            },
            "title": "You.i TV",
            "type": "tv",
            "youtubeId": "nO_DIwuGBnA",
          },
          Object {
            "details": "Lorem ipsum dolor sit amet, consectetur adipiscing elit, sed do eiusmod tempor incididunt ut labore et dolore magna aliqua.",
            "episodes": 22,
            "extra": "Director: Alan Smithee | Starring: John Doe, Jane Doe",
            "genres": Array [
              Object {
                "id": 28,
                "name": "Action",
              },
              Object {
                "id": 12,
                "name": "Adventure",
              },
            ],
            "id": 1234567,
            "images": Object {
              "Backdrop": "https://via.placeholder.com/1068x600",
              "Poster": "https://via.placeholder.com/200x300",
            },
            "key": "keystring",
            "releaseDate": "05/24/2015",
            "runtime": 3600,
            "seasons": 4,
            "similar": Array [],
            "thumbs": Object {
              "Backdrop": "https://via.placeholder.com/534x300",
              "Poster": "https://via.placeholder.com/400x600",
            },
            "title": "You.i TV",
            "type": "tv",
            "youtubeId": "nO_DIwuGBnA",
          },
          Object {
            "details": "Lorem ipsum dolor sit amet, consectetur adipiscing elit, sed do eiusmod tempor incididunt ut labore et dolore magna aliqua.",
            "episodes": 22,
            "extra": "Director: Alan Smithee | Starring: John Doe, Jane Doe",
            "genres": Array [
              Object {
                "id": 28,
                "name": "Action",
              },
              Object {
                "id": 12,
                "name": "Adventure",
              },
            ],
            "id": 1234567,
            "images": Object {
              "Backdrop": "https://via.placeholder.com/1068x600",
              "Poster": "https://via.placeholder.com/200x300",
            },
            "key": "keystring",
            "releaseDate": "05/24/2015",
            "runtime": 3600,
            "seasons": 4,
            "similar": Array [],
            "thumbs": Object {
              "Backdrop": "https://via.placeholder.com/534x300",
              "Poster": "https://via.placeholder.com/400x600",
            },
            "title": "You.i TV",
            "type": "tv",
            "youtubeId": "nO_DIwuGBnA",
          },
        ],
        Array [
          Object {
            "details": "Lorem ipsum dolor sit amet, consectetur adipiscing elit, sed do eiusmod tempor incididunt ut labore et dolore magna aliqua.",
            "episodes": 22,
            "extra": "Director: Alan Smithee | Starring: John Doe, Jane Doe",
            "genres": Array [
              Object {
                "id": 28,
                "name": "Action",
              },
              Object {
                "id": 12,
                "name": "Adventure",
              },
            ],
            "id": 1234567,
            "images": Object {
              "Backdrop": "https://via.placeholder.com/1068x600",
              "Poster": "https://via.placeholder.com/200x300",
            },
            "key": "keystring",
            "releaseDate": "05/24/2015",
            "runtime": 3600,
            "seasons": 4,
            "similar": Array [],
            "thumbs": Object {
              "Backdrop": "https://via.placeholder.com/534x300",
              "Poster": "https://via.placeholder.com/400x600",
            },
            "title": "You.i TV",
            "type": "tv",
            "youtubeId": "nO_DIwuGBnA",
          },
          Object {
            "details": "Lorem ipsum dolor sit amet, consectetur adipiscing elit, sed do eiusmod tempor incididunt ut labore et dolore magna aliqua.",
            "episodes": 22,
            "extra": "Director: Alan Smithee | Starring: John Doe, Jane Doe",
            "genres": Array [
              Object {
                "id": 28,
                "name": "Action",
              },
              Object {
                "id": 12,
                "name": "Adventure",
              },
            ],
            "id": 1234567,
            "images": Object {
              "Backdrop": "https://via.placeholder.com/1068x600",
              "Poster": "https://via.placeholder.com/200x300",
            },
            "key": "keystring",
            "releaseDate": "05/24/2015",
            "runtime": 3600,
            "seasons": 4,
            "similar": Array [],
            "thumbs": Object {
              "Backdrop": "https://via.placeholder.com/534x300",
              "Poster": "https://via.placeholder.com/400x600",
            },
            "title": "You.i TV",
            "type": "tv",
            "youtubeId": "nO_DIwuGBnA",
          },
          Object {
            "details": "Lorem ipsum dolor sit amet, consectetur adipiscing elit, sed do eiusmod tempor incididunt ut labore et dolore magna aliqua.",
            "episodes": 22,
            "extra": "Director: Alan Smithee | Starring: John Doe, Jane Doe",
            "genres": Array [
              Object {
                "id": 28,
                "name": "Action",
              },
              Object {
                "id": 12,
                "name": "Adventure",
              },
            ],
            "id": 1234567,
            "images": Object {
              "Backdrop": "https://via.placeholder.com/1068x600",
              "Poster": "https://via.placeholder.com/200x300",
            },
            "key": "keystring",
            "releaseDate": "05/24/2015",
            "runtime": 3600,
            "seasons": 4,
            "similar": Array [],
            "thumbs": Object {
              "Backdrop": "https://via.placeholder.com/534x300",
              "Poster": "https://via.placeholder.com/400x600",
            },
            "title": "You.i TV",
            "type": "tv",
            "youtubeId": "nO_DIwuGBnA",
          },
        ],
        Array [
          Object {
            "details": "Lorem ipsum dolor sit amet, consectetur adipiscing elit, sed do eiusmod tempor incididunt ut labore et dolore magna aliqua.",
            "episodes": 22,
            "extra": "Director: Alan Smithee | Starring: John Doe, Jane Doe",
            "genres": Array [
              Object {
                "id": 28,
                "name": "Action",
              },
              Object {
                "id": 12,
                "name": "Adventure",
              },
            ],
            "id": 1234567,
            "images": Object {
              "Backdrop": "https://via.placeholder.com/1068x600",
              "Poster": "https://via.placeholder.com/200x300",
            },
            "key": "keystring",
            "releaseDate": "05/24/2015",
            "runtime": 3600,
            "seasons": 4,
            "similar": Array [],
            "thumbs": Object {
              "Backdrop": "https://via.placeholder.com/534x300",
              "Poster": "https://via.placeholder.com/400x600",
            },
            "title": "You.i TV",
            "type": "tv",
            "youtubeId": "nO_DIwuGBnA",
          },
          Object {
            "details": "Lorem ipsum dolor sit amet, consectetur adipiscing elit, sed do eiusmod tempor incididunt ut labore et dolore magna aliqua.",
            "episodes": 22,
            "extra": "Director: Alan Smithee | Starring: John Doe, Jane Doe",
            "genres": Array [
              Object {
                "id": 28,
                "name": "Action",
              },
              Object {
                "id": 12,
                "name": "Adventure",
              },
            ],
            "id": 1234567,
            "images": Object {
              "Backdrop": "https://via.placeholder.com/1068x600",
              "Poster": "https://via.placeholder.com/200x300",
            },
            "key": "keystring",
            "releaseDate": "05/24/2015",
            "runtime": 3600,
            "seasons": 4,
            "similar": Array [],
            "thumbs": Object {
              "Backdrop": "https://via.placeholder.com/534x300",
              "Poster": "https://via.placeholder.com/400x600",
            },
            "title": "You.i TV",
            "type": "tv",
            "youtubeId": "nO_DIwuGBnA",
          },
          Object {
            "details": "Lorem ipsum dolor sit amet, consectetur adipiscing elit, sed do eiusmod tempor incididunt ut labore et dolore magna aliqua.",
            "episodes": 22,
            "extra": "Director: Alan Smithee | Starring: John Doe, Jane Doe",
            "genres": Array [
              Object {
                "id": 28,
                "name": "Action",
              },
              Object {
                "id": 12,
                "name": "Adventure",
              },
            ],
            "id": 1234567,
            "images": Object {
              "Backdrop": "https://via.placeholder.com/1068x600",
              "Poster": "https://via.placeholder.com/200x300",
            },
            "key": "keystring",
            "releaseDate": "05/24/2015",
            "runtime": 3600,
            "seasons": 4,
            "similar": Array [],
            "thumbs": Object {
              "Backdrop": "https://via.placeholder.com/534x300",
              "Poster": "https://via.placeholder.com/400x600",
            },
            "title": "You.i TV",
            "type": "tv",
            "youtubeId": "nO_DIwuGBnA",
          },
        ],
        Array [
          Object {
            "details": "Lorem ipsum dolor sit amet, consectetur adipiscing elit, sed do eiusmod tempor incididunt ut labore et dolore magna aliqua.",
            "episodes": 22,
            "extra": "Director: Alan Smithee | Starring: John Doe, Jane Doe",
            "genres": Array [
              Object {
                "id": 28,
                "name": "Action",
              },
              Object {
                "id": 12,
                "name": "Adventure",
              },
            ],
            "id": 1234567,
            "images": Object {
              "Backdrop": "https://via.placeholder.com/1068x600",
              "Poster": "https://via.placeholder.com/200x300",
            },
            "key": "keystring",
            "releaseDate": "05/24/2015",
            "runtime": 3600,
            "seasons": 4,
            "similar": Array [],
            "thumbs": Object {
              "Backdrop": "https://via.placeholder.com/534x300",
              "Poster": "https://via.placeholder.com/400x600",
            },
            "title": "You.i TV",
            "type": "tv",
            "youtubeId": "nO_DIwuGBnA",
          },
        ],
      ]
    }
    disableVirtualization={false}
    getItem={[Function]}
    getItemCount={[Function]}
    getItemLayout={[Function]}
    horizontal={true}
    initialNumToRender={2}
    keyExtractor={[Function]}
    maxToRenderPerBatch={10}
    name="Discover"
    numColumns={1}
    onContentSizeChange={null}
    onEndReachedThreshold={2}
    onLayout={[MockFunction]}
    onMomentumScrollBegin={[MockFunction]}
    onMomentumScrollEnd={[MockFunction]}
    onResponderGrant={[MockFunction]}
    onResponderReject={[MockFunction]}
    onResponderRelease={[MockFunction]}
    onResponderTerminationRequest={[MockFunction]}
    onScroll={[MockFunction]}
    onScrollBeginDrag={[MockFunction]}
    onScrollEndDrag={[MockFunction]}
    onScrollShouldSetResponder={[MockFunction]}
    onStartShouldSetResponder={[MockFunction]}
    onStartShouldSetResponderCapture={[MockFunction]}
    onTouchCancel={[MockFunction]}
    onTouchEnd={[MockFunction]}
    onTouchMove={[MockFunction]}
    onTouchStart={[MockFunction]}
    renderItem={[Function]}
    renderScrollComponent={[Function]}
    scrollBarThumbImage={null}
    scrollEnabled={true}
    scrollEventThrottle={50}
    sendMomentumEvents={true}
    snapToEnd={true}
    snapToStart={true}
    stickyHeaderIndices={Array []}
    style={
      Array [
        Object {
          "flexDirection": "row",
          "flexGrow": 1,
          "flexShrink": 1,
          "overflow": "scroll",
        },
        undefined,
      ]
    }
    updateCellsBatchingPeriod={50}
    viewabilityConfigCallbackPairs={Array []}
    windowSize={21}
  >
    <ScrollContentData
      collapsable={false}
      onLayout={[MockFunction]}
      style={
        Array [
          Object {
            "flexDirection": "row",
          },
          undefined,
        ]
      }
    >
      <View
        style={
          Array [
            Object {
              "flexDirection": "row",
            },
            null,
          ]
        }
      >
        <View
          style={
            Object {
              "backgroundColor": "transparent",
            }
          }
        >
          <View
            style={null}
          >
            <Composition
              onTimelinesLoaded={[Function]}
              source="Auryn_Container-Btn-Backdrop-Large"
            >
              <YiPushButtonView
                name="Btn-Backdrop-Large"
                onCompositionDidLoad={[Function]}
                onFocus={[Function]}
                onPress={[Function]}
                onTimelinesLoaded={[Function]}
              >
                <YiImageView
                  name="Image-Dynamic"
                  onTimelinesLoaded={[Function]}
                  source={
                    Object {
                      "uri": "https://via.placeholder.com/1068x600",
                    }
                  }
                />
                <YiTextSceneNode
                  name="Text-Title"
                  style={
                    Object {
                      "color": "#f6f1ee",
                    }
                  }
                  text="You.i TV"
                />
                <YiTextSceneNode
                  name="Text-Metadata"
                  text="tv"
                />
                <YiTextSceneNode
                  name="Unfocus-Text-Title"
                  text="You.i TV"
                />
                <YiTextSceneNode
                  name="Text-Details"
                  text="Lorem ipsum dolor sit amet, consectetur adipiscing elit, sed do eiusmod tempor incididunt ut labore et dolore magna aliqua."
                />
              </YiPushButtonView>
            </Composition>
          </View>
          <View
            style={
              Object {
                "flexDirection": "row",
                "justifyContent": "flex-start",
              }
            }
          >
            <View
              style={null}
            >
              <Composition
                onTimelinesLoaded={[Function]}
                source="Auryn_Container-Btn-Backdrop-Small"
              >
                <YiPushButtonView
                  name="Btn-Backdrop-Small"
                  onCompositionDidLoad={[Function]}
                  onFocus={[Function]}
                  onPress={[Function]}
                  onTimelinesLoaded={[Function]}
                >
                  <YiImageView
                    name="Image-Dynamic"
                    onTimelinesLoaded={[Function]}
                    source={
                      Object {
                        "uri": "https://via.placeholder.com/534x300",
                      }
                    }
                  />
                  <YiTextSceneNode
                    name="Text-Title"
                    style={
                      Object {
                        "color": "#f6f1ee",
                      }
                    }
                    text="You.i TV"
                  />
                  <YiTextSceneNode
                    name="Text-Metadata"
                    text="tv"
                  />
                  <YiTextSceneNode
                    name="Unfocus-Text-Title"
                    text="You.i TV"
                  />
                </YiPushButtonView>
              </Composition>
            </View>
            <View
              style={null}
            >
              <Composition
                onTimelinesLoaded={[Function]}
                source="Auryn_Container-Btn-Backdrop-Small"
              >
                <YiPushButtonView
                  name="Btn-Backdrop-Small"
                  onCompositionDidLoad={[Function]}
                  onFocus={[Function]}
                  onPress={[Function]}
                  onTimelinesLoaded={[Function]}
                >
                  <YiImageView
                    name="Image-Dynamic"
                    onTimelinesLoaded={[Function]}
                    source={
                      Object {
                        "uri": "https://via.placeholder.com/534x300",
                      }
                    }
                  />
                  <YiTextSceneNode
                    name="Text-Title"
                    style={
                      Object {
                        "color": "#f6f1ee",
                      }
                    }
                    text="You.i TV"
                  />
                  <YiTextSceneNode
                    name="Text-Metadata"
                    text="tv"
                  />
                  <YiTextSceneNode
                    name="Unfocus-Text-Title"
                    text="You.i TV"
                  />
                </YiPushButtonView>
              </Composition>
            </View>
          </View>
        </View>
      </View>
      <View
        style={
          Array [
            Object {
              "flexDirection": "row",
            },
            null,
          ]
        }
      >
        <View
          style={
            Object {
              "backgroundColor": "transparent",
            }
          }
        >
          <View
            style={
              Object {
                "flexDirection": "row",
                "justifyContent": "flex-start",
              }
            }
          >
            <View
              style={null}
            >
              <Composition
                onTimelinesLoaded={[Function]}
                source="Auryn_Container-Btn-Backdrop-Small"
              >
                <YiPushButtonView
                  name="Btn-Backdrop-Small"
                  onCompositionDidLoad={[Function]}
                  onFocus={[Function]}
                  onPress={[Function]}
                  onTimelinesLoaded={[Function]}
                >
                  <YiImageView
                    name="Image-Dynamic"
                    onTimelinesLoaded={[Function]}
                    source={
                      Object {
                        "uri": "https://via.placeholder.com/534x300",
                      }
                    }
                  />
                  <YiTextSceneNode
                    name="Text-Title"
                    style={
                      Object {
                        "color": "#f6f1ee",
                      }
                    }
                    text="You.i TV"
                  />
                  <YiTextSceneNode
                    name="Text-Metadata"
                    text="tv"
                  />
                  <YiTextSceneNode
                    name="Unfocus-Text-Title"
                    text="You.i TV"
                  />
                </YiPushButtonView>
              </Composition>
            </View>
            <View
              style={null}
            >
              <Composition
                onTimelinesLoaded={[Function]}
                source="Auryn_Container-Btn-Backdrop-Small"
              >
                <YiPushButtonView
                  name="Btn-Backdrop-Small"
                  onCompositionDidLoad={[Function]}
                  onFocus={[Function]}
                  onPress={[Function]}
                  onTimelinesLoaded={[Function]}
                >
                  <YiImageView
                    name="Image-Dynamic"
                    onTimelinesLoaded={[Function]}
                    source={
                      Object {
                        "uri": "https://via.placeholder.com/534x300",
                      }
                    }
                  />
                  <YiTextSceneNode
                    name="Text-Title"
                    style={
                      Object {
                        "color": "#f6f1ee",
                      }
                    }
                    text="You.i TV"
                  />
                  <YiTextSceneNode
                    name="Text-Metadata"
                    text="tv"
                  />
                  <YiTextSceneNode
                    name="Unfocus-Text-Title"
                    text="You.i TV"
                  />
                </YiPushButtonView>
              </Composition>
            </View>
          </View>
          <View
            style={null}
          >
            <Composition
              onTimelinesLoaded={[Function]}
              source="Auryn_Container-Btn-Backdrop-Large"
            >
              <YiPushButtonView
                name="Btn-Backdrop-Large"
                onCompositionDidLoad={[Function]}
                onFocus={[Function]}
                onPress={[Function]}
                onTimelinesLoaded={[Function]}
              >
                <YiImageView
                  name="Image-Dynamic"
                  onTimelinesLoaded={[Function]}
                  source={
                    Object {
                      "uri": "https://via.placeholder.com/1068x600",
                    }
                  }
                />
                <YiTextSceneNode
                  name="Text-Title"
                  style={
                    Object {
                      "color": "#f6f1ee",
                    }
                  }
                  text="You.i TV"
                />
                <YiTextSceneNode
                  name="Text-Metadata"
                  text="tv"
                />
                <YiTextSceneNode
                  name="Unfocus-Text-Title"
                  text="You.i TV"
                />
                <YiTextSceneNode
                  name="Text-Details"
                  text="Lorem ipsum dolor sit amet, consectetur adipiscing elit, sed do eiusmod tempor incididunt ut labore et dolore magna aliqua."
                />
              </YiPushButtonView>
            </Composition>
          </View>
        </View>
      </View>
      <View
        style={
          Object {
            "width": 2136,
          }
        }
      />
    </ScrollContentData>
  </ListRef>,
  <ViewRef
    name="Discover"
    onCompositionDidLoad={[Function]}
    onTimelinesLoaded={[Function]}
  />,
]
`;
