// Jest Snapshot v1, https://goo.gl/fbAQLP

exports[`renders correctly 1`] = `
<ListRef
  DEPRECATED_sendUpdatedChildFrames={false}
  alwaysBounceHorizontal={true}
  alwaysBounceVertical={false}
  focusable={true}
  horizontal={true}
  initialToggleIndex={0}
  name="Nav-List"
  onContentSizeChange={null}
  onLayout={[MockFunction]}
  onMomentumScrollBegin={[MockFunction]}
  onMomentumScrollEnd={[MockFunction]}
  onPressItem={[MockFunction]}
  onResponderGrant={[MockFunction]}
  onResponderReject={[MockFunction]}
  onResponderRelease={[MockFunction]}
  onResponderTerminationRequest={[MockFunction]}
  onScroll={[MockFunction]}
  onScrollBeginDrag={[MockFunction]}
  onScrollEndDrag={[MockFunction]}
  onScrollShouldSetResponder={[MockFunction]}
  onStartShouldSetResponder={[MockFunction]}
  onStartShouldSetResponderCapture={[MockFunction]}
  onTouchCancel={[MockFunction]}
  onTouchEnd={[MockFunction]}
  onTouchMove={[MockFunction]}
  onTouchStart={[MockFunction]}
  scrollBarThumbImage={null}
  scrollEnabled={false}
  sendMomentumEvents={false}
  snapToEnd={true}
  snapToStart={true}
  style={
    Array [
      Object {
        "flexDirection": "row",
        "flexGrow": 1,
        "flexShrink": 1,
        "overflow": "scroll",
      },
      undefined,
    ]
  }
>
  <ScrollContentData
    collapsable={false}
    style={
      Array [
        Object {
          "flexDirection": "row",
        },
        undefined,
      ]
    }
  >
    <View
      style={
        Object {
          "alignItems": "center",
          "flexDirection": "row",
          "justifyContent": "center",
          "minWidth": "100%",
        }
      }
    >
      <Composition
        onTimelinesLoaded={[Function]}
        source="Auryn_Container-Btn-Nav-List"
      >
        <YiPushButtonView
          focusable={true}
          name="Btn-Nav-List"
          onCompositionDidLoad={[Function]}
          onFocus={[Function]}
          onPress={[Function]}
          onTimelinesLoaded={[Function]}
        >
          <TimelineRef
            autoplay={true}
            direction="forward"
            loop={false}
            name="Toggle-On"
            onAborted={[Function]}
            onCompleted={[Function]}
            onCompletedForward={[Function]}
            onCompletedReverse={[Function]}
            onCompositionDidLoad={[Function]}
            onPaused={[Function]}
            onPausedForward={[Function]}
            onPausedReverse={[Function]}
            onPlay={[Function]}
            onPlayForward={[Function]}
            onPlayReverse={[Function]}
            onStarted={[Function]}
            onStartedForward={[Function]}
            onStartedReverse={[Function]}
          />
        </YiPushButtonView>
      </Composition>
      <Composition
        onTimelinesLoaded={[Function]}
        source="Auryn_Container-Btn-Nav-List"
      >
        <YiPushButtonView
          focusable={true}
          name="Btn-Nav-List"
          onCompositionDidLoad={[Function]}
          onFocus={[Function]}
          onPress={[Function]}
          onTimelinesLoaded={[Function]}
        >
          <TimelineRef
            autoplay={false}
            direction="reverse"
            loop={false}
            name="Toggle-On"
            onAborted={[Function]}
            onCompleted={[Function]}
            onCompletedForward={[Function]}
            onCompletedReverse={[Function]}
            onCompositionDidLoad={[Function]}
            onPaused={[Function]}
            onPausedForward={[Function]}
            onPausedReverse={[Function]}
            onPlay={[Function]}
            onPlayForward={[Function]}
            onPlayReverse={[Function]}
            onStarted={[Function]}
            onStartedForward={[Function]}
            onStartedReverse={[Function]}
          />
        </YiPushButtonView>
      </Composition>
      <Composition
        onTimelinesLoaded={[Function]}
        source="Auryn_Container-Btn-Nav-List"
      >
        <YiPushButtonView
          focusable={true}
          name="Btn-Nav-List"
          onCompositionDidLoad={[Function]}
          onFocus={[Function]}
          onPress={[Function]}
          onTimelinesLoaded={[Function]}
        >
          <TimelineRef
            autoplay={false}
            direction="reverse"
            loop={false}
            name="Toggle-On"
            onAborted={[Function]}
            onCompleted={[Function]}
            onCompletedForward={[Function]}
            onCompletedReverse={[Function]}
            onCompositionDidLoad={[Function]}
            onPaused={[Function]}
            onPausedForward={[Function]}
            onPausedReverse={[Function]}
            onPlay={[Function]}
            onPlayForward={[Function]}
            onPlayReverse={[Function]}
            onStarted={[Function]}
            onStartedForward={[Function]}
            onStartedReverse={[Function]}
          />
        </YiPushButtonView>
      </Composition>
    </View>
  </ScrollContentData>
</ListRef>
`;
